  Geri y├╝klenecek projeler belirleniyor...
  Geri y├╝kleme i├ğin t├╝m projeler g├╝ncel.
  OmniMarket -> D:\Repos\OmniMarket\OmniMarket\bin\Debug\net9.0-windows\OmniMarket.dll

Olu┼şturma ba┼şar─▒l─▒ oldu.
    0 Uyar─▒
    0 Hata

Ge├ğen S├╝re 00:00:01.44
